A51 MACRO ASSEMBLER  LCD_ASM                                                              04/18/2020 00:08:07 PAGE     1


MACRO ASSEMBLER A51 V8.00b
OBJECT MODULE PLACED IN lcd_asm.OBJ
ASSEMBLER INVOKED BY: C:\Keil\C51\BIN\A51.EXE lcd_asm.ASM SET(SMALL) DEBUG EP

LOC  OBJ            LINE     SOURCE

0000                   1     ORG 000H;
                       2     ;SETTING RS,RW,ENABLE PIN TO RESPECTIVE PINS OF PORT 2
                       3     
  00A0                 4     RS EQU P2.0;
  00A1                 5     RW EQU P2.1;
  00A2                 6     E EQU P2.2;
                       7     
                       8     
                       9     ;SETTING UP LCD DISPLAY 2*16(5*7 MATRIX)
0000 759038           10     MOV   P1,#38H;
0003 1152             11     ACALL  SEND_COMMAND;
                      12     
                      13     ;DISPLAY ON CURSOR BLINK
0005 75900E           14     MOV   P1,#0EH;
0008 1152             15     ACALL SEND_COMMAND;
                      16     
                      17     
                      18     ;CLEAR DISPLAY SCREEN COMMAND
000A 759001           19     MOV   P1,#01H;
000D 1152             20     ACALL SEND_COMMAND;
                      21     
                      22     
                      23     ;SENDING THE CHARACTER FOR DISPLAY
                      24     
000F                  25     LOOP1:
000F 759080           26     MOV   P1,#080H;FORCING CURSOR TO DISPLAY ON FIRST LINE
0012 1152             27     ACALL SEND_COMMAND;
                      28     ;PRINTING CHARACTER ON FIRST LINE OF LCD 
0014 759046           29     MOV   P1,#'F';
0017 115D             30     ACALL SEND_DATA;
                      31     
0019 759055           32     MOV   P1,#'U';
001C 115D             33     ACALL SEND_DATA;
                      34     
001E 759043           35     MOV   P1,#'C';
0021 115D             36     ACALL SEND_DATA;
                      37     
0023 75904B           38     MOV   P1,#'K';
0026 115D             39     ACALL SEND_DATA;
                      40     
0028 759020           41     MOV   P1,#' ';
002B 115D             42     ACALL SEND_DATA;
                      43     
002D 75904F           44     MOV   P1,#'O';
0030 115D             45     ACALL SEND_DATA;
                      46     
0032 759046           47     MOV   P1,#'F';
0035 115D             48     ACALL SEND_DATA;
                      49     
0037 759046           50     MOV   P1,#'F';
003A 115D             51     ACALL SEND_DATA;
                      52     
003C 7590C0           53     MOV   P1,#0C0H;FORCING CURSOR TO DISPLAY ON SECOND LINE
003F 1152             54     ACALL SEND_COMMAND;
                      55     
                      56     ;DISPLAYING CHARACTERS ON SECOND LINE
                      57     
0041 759048           58     MOV   P1,#'H';
A51 MACRO ASSEMBLER  LCD_ASM                                                              04/18/2020 00:08:07 PAGE     2

0044 115D             59     ACALL SEND_DATA;
                      60     
0046 759053           61     MOV   P1,#'S';
0049 115D             62     ACALL SEND_DATA;
                      63     
004B 759050           64     MOV   P1,#'P';
004E 115D             65     ACALL SEND_DATA;
                      66     
0050 80BD             67     JMP LOOP1;
                      68     
                      69     
                      70     ;DEFINING SUBROUTINES
0052                  71     SEND_COMMAND:
0052 C2A0             72     CLR   RS;TO SEND DATA TO COMMAND REGISTER
0054 C2A1             73     CLR   RW;TO ENABLE WRITING TO LCD
0056 D2A2             74     SETB  E;;TO LOAD THE DATA TO THE REGISTER
0058 1168             75     ACALL DELAY;
005A C2A2             76     CLR   E;
005C 22               77     RET;
                      78     
                      79     
005D                  80     SEND_DATA:
005D D2A0             81     SETB   RS;TO SEND DATA TO DATA REGISTER
005F C2A1             82     CLR   RW;TO ENABLE WRITING TO LCD
0061 D2A2             83     SETB  E;TO LOAD THE DATA TO THE REGISTER
0063 1168             84     ACALL DELAY;
0065 C2A2             85     CLR   E;
0067 22               86     RET;
                      87     
0068                  88     DELAY:
0068 7810             89     LOOP2:MOV R0,#10H;10MS DELAY
006A 79FF             90     LOOP3:MOV R1,#255;
006C D9FE             91     HERE: DJNZ R1,HERE;
006E D8FA             92     DJNZ R0,LOOP3;
0070 22               93     RET;
                      94     
                      95     
                      96     
                      97     END;
                             
                             
                             
                             
                             
                             
                             
                             
                             
                             
                             
                             
                             
                             
                             
                             
                             
                             
                             
                             
                             
                             
                             
                             
                             
                             
                             
A51 MACRO ASSEMBLER  LCD_ASM                                                              04/18/2020 00:08:07 PAGE     3

                             
                             
                             
                             
                             
                             
A51 MACRO ASSEMBLER  LCD_ASM                                                              04/18/2020 00:08:07 PAGE     4

SYMBOL TABLE LISTING
------ ----- -------


N A M E             T Y P E  V A L U E   ATTRIBUTES

DELAY. . . . . . .  C ADDR   0068H   A   
E. . . . . . . . .  B ADDR   00A0H.2 A   
HERE . . . . . . .  C ADDR   006CH   A   
LOOP1. . . . . . .  C ADDR   000FH   A   
LOOP2. . . . . . .  C ADDR   0068H   A   
LOOP3. . . . . . .  C ADDR   006AH   A   
P1 . . . . . . . .  D ADDR   0090H   A   
P2 . . . . . . . .  D ADDR   00A0H   A   
RS . . . . . . . .  B ADDR   00A0H.0 A   
RW . . . . . . . .  B ADDR   00A0H.1 A   
SEND_COMMAND . . .  C ADDR   0052H   A   
SEND_DATA. . . . .  C ADDR   005DH   A   


REGISTER BANK(S) USED: 0 


ASSEMBLY COMPLETE.  0 WARNING(S), 0 ERROR(S)
